// Jest Snapshot v1, https://goo.gl/fbAQLP

exports[`Calculator component should render correctly 1`] = `
<div
  className="calculator-container"
>
  <div
    className="calculator-top-section-wrapper"
  >
    <div
      className="spending-description"
    >
      <p>
        Monthly 
        <br />
         ingredient spending
      </p>
    </div>
    <div
      className="input-icon-wrapper"
    >
      <span
        className="spending-icon"
      >
        <FontAwesomeIcon
          border={false}
          className=""
          fixedWidth={false}
          flip={null}
          icon={
            Object {
              "icon": Array [
                288,
                512,
                Array [],
                "f155",
                "M209.2 233.4l-108-31.6C88.7 198.2 80 186.5 80 173.5c0-16.3 13.2-29.5 29.5-29.5h66.3c12.2 0 24.2 3.7 34.2 10.5 6.1 4.1 14.3 3.1 19.5-2l34.8-34c7.1-6.9 6.1-18.4-1.8-24.5C238 74.8 207.4 64.1 176 64V16c0-8.8-7.2-16-16-16h-32c-8.8 0-16 7.2-16 16v48h-2.5C45.8 64-5.4 118.7.5 183.6c4.2 46.1 39.4 83.6 83.8 96.6l102.5 30c12.5 3.7 21.2 15.3 21.2 28.3 0 16.3-13.2 29.5-29.5 29.5h-66.3C100 368 88 364.3 78 357.5c-6.1-4.1-14.3-3.1-19.5 2l-34.8 34c-7.1 6.9-6.1 18.4 1.8 24.5 24.5 19.2 55.1 29.9 86.5 30v48c0 8.8 7.2 16 16 16h32c8.8 0 16-7.2 16-16v-48.2c46.6-.9 90.3-28.6 105.7-72.7 21.5-61.6-14.6-124.8-72.5-141.7z",
              ],
              "iconName": "dollar-sign",
              "prefix": "fas",
            }
          }
          inverse={false}
          listItem={false}
          mask={null}
          pull={null}
          pulse={false}
          rotation={null}
          size={null}
          spin={false}
          symbol={false}
          title=""
          transform={null}
        />
      </span>
      <input
        className="spending-input"
        onChange={[Function]}
        type="text"
        value={10}
      />
    </div>
    <div
      className="range-slider-wrapper"
    >
      <RangeSlider
        defaultValue={10}
        handleOnChange={[Function]}
        id="spending-slider"
        max={100}
        min={10}
        value={10}
      />
    </div>
  </div>
  <div
    className="calculator-mid-section-wrapper"
  >
    <div
      className="employee-description"
    >
      <p>
        Full time employees that 
        <br />
         process invoices
      </p>
    </div>
    <div
      className="input-wrapper"
    >
      <input
        className="employee-count-input"
        onChange={[Function]}
        type="text"
        value={1}
      />
    </div>
    <div
      className="range-slider-wrapper"
    >
      <RangeSlider
        defaultValue={1}
        handleOnChange={[Function]}
        id="employee-slider"
        max={10}
        min={1}
        value={1}
      />
    </div>
  </div>
  <div
    className="calculator-bottom-section-wrapper"
  >
    <Savings
      amount="3.0"
      description="Estimated food cost savings"
    />
    <Savings
      amount="13373.0"
      description="Your estimated annual savings"
    />
  </div>
</div>
`;
